[www.panily.com/index.html]
[backblue.gif]
[fade.gif]
[index.html]
[www.panily.com/static/img/favicon.ico]
[www.panily.com/static/css/product.css]
[www.panily.com/static/css/bootstrap.min.css]
[www.panily.com/static/css/external.css]
[www.panily.com/static/img/panily_round_icon.png]
[www.panily.com/home.html]
[www.panily.com/patient_features.html]
[www.panily.com/patient_faq.html]
[www.panily.com/patient_user_guide.html]
[www.panily.com/addon_features.html]
[www.panily.com/addon_faq.html]
[www.panily.com/feedback.html]
[www.panily.com/static/img/google-play-badge.png]
[www.panily.com/static/img/app-store-badge.png]
[www.panily.com/static/img/home/home_screen.png]
[www.panily.com/static/img/home/security_screen.png]
[www.panily.com/static/img/home/symptoms_screen.png]
[www.panily.com/static/img/home/medications_screen.png]
[www.panily.com/static/js/bootstrap.bundle.min.js]
[www.panily.com/cdn-cgi/l/email-protection.html]
[www.panily.com/cdn-cgi/scripts/5c5dd728/cloudflare-static/email-decode.min.js]
[www.panily.com/static/js/_external.js]
[www.panily.com/index.html]
[www.panily.com/static/css/product.css]
[www.panily.com/static/css/bootstrap.min.css]
[www.panily.com/static/css/external.css]
[www.panily.com/home.html]
[www.panily.com/static/css/features.css]
[www.panily.com/static/img/features/medications_screen.png]
[www.panily.com/static/img/features/addressbook_screen.png]
[www.panily.com/static/img/features/reports_screen.png]
[www.panily.com/static/img/features/add_condition_screen.png]
[www.panily.com/static/img/features/symptoms_screen.png]
[www.panily.com/static/img/features/journal_screen.png]
[www.panily.com/static/img/features/appointments_screen.png]
[www.panily.com/static/img/features/reminder_screen.png]
[www.panily.com/static/img/features/coverages_screen.png]
[www.panily.com/patient_features.html]
[www.panily.com/static/css/external_md.css]
[www.panily.com/patient_faq.html]
[www.panily.com/static/img/userguide-images/add_prescription.png]
[www.panily.com/static/img/userguide-images/add_medication1.png]
[www.panily.com/static/img/userguide-images/add_medication2.png]
[www.panily.com/static/img/userguide-images/add_medication3.png]
[www.panily.com/static/img/userguide-images/record_medication1.png]
[www.panily.com/static/img/userguide-images/add_condition1.png]
[www.panily.com/static/img/userguide-images/add_condition2.png]
[www.panily.com/static/img/userguide-images/record_symptoms1.png]
[www.panily.com/static/img/userguide-images/record_symptoms2.png]
[www.panily.com/static/img/userguide-images/record_symptoms3.png]
[www.panily.com/patient_user_guide.html]
[www.panily.com/static/img/features/provider_home_screen.png]
[www.panily.com/static/img/features/share_content_screen.png]
[www.panily.com/static/img/features/push_notification_screen.png]
[www.panily.com/static/img/features/take_survey_screen.png]
[www.panily.com/static/img/features/collect_data_screen.png]
[www.panily.com/addon_features.html]
[www.panily.com/addon_faq.html]
[www.panily.com/feedback.html]
[www.panily.com/cdn-cgi/l/email-protection.html]
[www.panily.com/static/css/features.css]
[www.panily.com/static/css/external_md.css]
[www.panily.com/app_privacy_policy.html]
